// Jest Snapshot v1, https://goo.gl/fbAQLP

exports[`curried_string_boolean_number_to_object(R.__, R.__, number) 1`] = `"R.CurriedFunction2<string, boolean, object>"`;

exports[`curried_string_boolean_number_to_object(R.__, boolean, number) 1`] = `"R.CurriedFunction1<string, object>"`;

exports[`curried_string_boolean_number_to_object(string)(R.__, number) 1`] = `"R.CurriedFunction1<boolean, object>"`;

exports[`curried_string_boolean_number_to_object(string)(boolean)(number) 1`] = `"object"`;

exports[`curried_string_boolean_number_to_object(string, R.__, number) 1`] = `"R.CurriedFunction1<boolean, object>"`;

exports[`curried_string_boolean_number_to_object(string, boolean, number) 1`] = `"object"`;
