// Jest Snapshot v1, https://goo.gl/fbAQLP

exports[`R.assoc(string_property)(number_value)(object) 1`] = `"object & Record<string, number>"`;

exports[`R.assoc(string_property, number_value, object) 1`] = `"object & Record<string, number>"`;

exports[`R.assoc(symbol_property)(number_value)(object) 1`] = `"object"`;

exports[`R.assoc(symbol_property, number_value, object) 1`] = `"object"`;
