// Jest Snapshot v1, https://goo.gl/fbAQLP

exports[`R.chain(number_chain_to_string_chain) 1`] = `"(list: R.Chain<number>) => R.Chain<string>"`;

exports[`R.chain(number_chain_to_string_chain)(number_chain) 1`] = `"R.Chain<string>"`;

exports[`R.chain(number_chain_to_string_chain, number_chain) 1`] = `"R.Chain<string>"`;

exports[`R.chain(number_to_string_string_tuple) 1`] = `"(list: R.List<number>) => string[]"`;

exports[`R.chain(number_to_string_string_tuple)(number_array) 1`] = `"string[]"`;

exports[`R.chain(number_to_string_string_tuple, number_array) 1`] = `"string[]"`;

exports[`R.chain(string_to_number_list_to_object) 1`] = `"(monad: R.Morphism<R.List<number>, string>) => R.Morphism<R.List<number>, object>"`;

exports[`R.chain(string_to_number_list_to_object)(number_list_to_string) 1`] = `"R.Morphism<R.List<number>, object>"`;

exports[`R.chain(string_to_number_list_to_object, number_list_to_string) 1`] = `"R.Morphism<R.List<number>, object>"`;
