// Jest Snapshot v1, https://goo.gl/fbAQLP

exports[`R.chain(number_chain_to_string_chain) 1`] = `"(list: Chain<number>) => Chain<string>"`;

exports[`R.chain(number_chain_to_string_chain)(number_chain) 1`] = `"Chain<string>"`;

exports[`R.chain(number_chain_to_string_chain, number_chain) 1`] = `"Chain<string>"`;

exports[`R.chain(number_to_string_string_tuple) 1`] = `"(list: number[] | ArrayLike<number>) => string[]"`;

exports[`R.chain(number_to_string_string_tuple)(number_array) 1`] = `"string[]"`;

exports[`R.chain(number_to_string_string_tuple, number_array) 1`] = `"string[]"`;

exports[`R.chain(string_to_number_list_to_object) 1`] = `"(monad: (value: number[] | ArrayLike<number>) => string) => (value: number[] | ArrayLike<number>) => object"`;

exports[`R.chain(string_to_number_list_to_object)(number_list_to_string) 1`] = `"(value: number[] | ArrayLike<number>) => object"`;

exports[`R.chain(string_to_number_list_to_object, number_list_to_string) 1`] = `"(value: number[] | ArrayLike<number>) => object"`;
