// Jest Snapshot v1, https://goo.gl/fbAQLP

exports[`R.concat(number_array, number_array) 1`] = `"number[]"`;

exports[`R.concat(number_list, number_list) 1`] = `
"Argument of type 'List<number>' is not assignable to parameter of type 'string | number[]'.
  Type 'ArrayLike<number>' is not assignable to type 'string | number[]'.
    Type 'ArrayLike<number>' is not assignable to type 'number[]'.
      Property 'push' is missing in type 'ArrayLike<number>'."
`;

exports[`R.concat(object_array, number_array) 1`] = `"(number | object)[]"`;

exports[`R.concat(string, string) 1`] = `"string"`;
