// Jest Snapshot v1, https://goo.gl/fbAQLP

exports[`R.construct(new_7_string_to_number) 1`] = `"(...args: any[]) => number"`;

exports[`R.construct(new_number_args_to_boolean) 1`] = `"() => boolean"`;

exports[`R.construct(new_number_boolean_to_string) 1`] = `"CurriedFunction2<number, boolean, string>"`;

exports[`R.construct(new_string_to_object) 1`] = `"CurriedFunction1<string, object>"`;
