// Jest Snapshot v1, https://goo.gl/fbAQLP

exports[`R.curry(number_args_to_boolean) 1`] = `"() => boolean"`;

exports[`R.curry(number_boolean_to_string) 1`] = `"CurriedFunction2<number, boolean, string>"`;

exports[`R.curry(seven_string_to_number) 1`] = `"(...args: any[]) => number"`;

exports[`R.curry(string_to_object) 1`] = `"CurriedFunction1<string, object>"`;
