// Jest Snapshot v1, https://goo.gl/fbAQLP

exports[`R.defaultTo(string)(number_or_undefined) 1`] = `"string | number"`;

exports[`R.defaultTo(string)(undefined) 1`] = `"string"`;

exports[`R.defaultTo(string, number_or_undefined) 1`] = `"string | number"`;

exports[`R.defaultTo(string, undefined) 1`] = `"string"`;
