// Jest Snapshot v1, https://goo.gl/fbAQLP

exports[`R.dissocPath(path)(a_b_c_d_e) 1`] = `"R.DeepPartial<{ a: { b: { c: { d: { e: number; }; }; }; }; }>"`;

exports[`R.dissocPath(path)(object) 1`] = `"object"`;

exports[`R.dissocPath(path, a_b_c_d_e) 1`] = `"R.DeepPartial<{ a: { b: { c: { d: { e: number; }; }; }; }; }>"`;

exports[`R.dissocPath(path, object) 1`] = `"object"`;
