// Jest Snapshot v1, https://goo.gl/fbAQLP

exports[`R_dropRepeatsWith(string_to_number) 1`] = `"(list: string[] | ArrayLike<string>) => string[]"`;

exports[`R_dropRepeatsWith(string_to_number)(string_array) 1`] = `"string[]"`;

exports[`R_dropRepeatsWith(string_to_number, string_array) 1`] = `"string[]"`;
