// Jest Snapshot v1, https://goo.gl/fbAQLP

exports[`R.findLast(string_predicate) 1`] = `"(list: string[] | ArrayLike<string>) => string | undefined"`;

exports[`R.findLast(string_predicate)(string_array) 1`] = `"string | undefined"`;

exports[`R.findLast(string_predicate, string_array) 1`] = `"string | undefined"`;
