// Jest Snapshot v1, https://goo.gl/fbAQLP

exports[`R.indexBy(object_to_string) 1`] = `"(list: R.List<object>) => R.Dictionary<object>"`;

exports[`R.indexBy(object_to_string)(object_array) 1`] = `"R.Dictionary<object>"`;

exports[`R.indexBy(object_to_string, object_array) 1`] = `"R.Dictionary<object>"`;
