// Jest Snapshot v1, https://goo.gl/fbAQLP

exports[`R.innerJoin(object_number_to_boolean)(object_array)(number_array) 1`] = `"object[]"`;

exports[`R.innerJoin(object_number_to_boolean, object_array) 1`] = `"(ys: number[] | ArrayLike<number>) => object[]"`;

exports[`R.innerJoin(object_number_to_boolean, object_array, number_array) 1`] = `"object[]"`;
