// Jest Snapshot v1, https://goo.gl/fbAQLP

exports[`R_into(num_str_transformer)(num_str_transformer_to_str_num_to_str) 1`] = `"(values: number[]) => string"`;

exports[`R_into(object)(str_obj_transformer_to_obj_str_to_obj) 1`] = `"(values: string[]) => object"`;

exports[`R_into(object, str_obj_transformer_to_obj_str_to_obj) 1`] = `"(values: string[]) => object"`;

exports[`R_into(str_obj_transformer)(str_obj_transformer_to_obj_str_to_obj) 1`] = `"(values: string[]) => object"`;

exports[`R_into(str_obj_transformer, str_obj_transformer_to_obj_str_to_obj) 1`] = `"(values: string[]) => object"`;

exports[`R_into(string)(num_str_transformer_to_str_num_to_str) 1`] = `"(values: number[]) => string"`;
