// Jest Snapshot v1, https://goo.gl/fbAQLP

exports[`R.lens(object_to_string) 1`] = `"(setter: (focus: string, target: object) => object) => R.ManualLens<string, object>"`;

exports[`R.lens(object_to_string)(string_object_to_object) 1`] = `"R.ManualLens<string, object>"`;

exports[`R.lens(object_to_string, string_object_to_object) 1`] = `"R.ManualLens<string, object>"`;
