// Jest Snapshot v1, https://goo.gl/fbAQLP

exports[`R.liftN(0, string_to_object) 1`] = `"() => object[]"`;

exports[`R.liftN(1, number_boolean_to_string) 1`] = `"CurriedFunction1<number[] | ArrayLike<number>, string[]>"`;

exports[`R.liftN(4, number_args_to_boolean) 1`] = `"CurriedFunction4<number[] | ArrayLike<number>, number[] | ArrayLike<number>, number[] | ArrayLike<number>, number[] | ArrayLike<number>, boolean[]>"`;

exports[`R.liftN(7, seven_string_to_number) 1`] = `"(...args: any[]) => number[]"`;
