// Jest Snapshot v1, https://goo.gl/fbAQLP

exports[`R.liftN(0, string_to_object) 1`] = `"R.CurriedFunction0<object[]>"`;

exports[`R.liftN(1, number_boolean_to_string) 1`] = `"R.CurriedFunction1<R.List<number>, string[]>"`;

exports[`R.liftN(4, number_args_to_boolean) 1`] = `"R.CurriedFunction4<R.List<number>, R.List<number>, R.List<number>, R.List<number>, boolean[]>"`;

exports[`R.liftN(7, seven_string_to_number) 1`] = `"R.Variadic<number[]>"`;
