// Jest Snapshot v1, https://goo.gl/fbAQLP

exports[`R.map(string_to_number)(string_array) 1`] = `"number[]"`;

exports[`R.map(string_to_number)(string_functor) 1`] = `"R.Functor<number>"`;

exports[`R.map(string_to_number)(string_object) 1`] = `"Record<string, number>"`;

exports[`R.map(string_to_number, string_array) 1`] = `"number[]"`;

exports[`R.map(string_to_number, string_functor) 1`] = `"R.Functor<number>"`;

exports[`R.map(string_to_number, string_object) 1`] = `"Record<string, number>"`;
