// Jest Snapshot v1, https://goo.gl/fbAQLP

exports[`R.merge(a_1)(b_2) 1`] = `"R.Merge<{ a: 1; }, { b: 2; }>"`;

exports[`R.merge(a_1, b_2) 1`] = `"R.Merge<{ a: 1; }, { b: 2; }>"`;

exports[`R.merge(a_1_c_1)(b_2_c_2) 1`] = `"R.Merge<{ a: 1; c: 1; }, { b: 2; c: 2; }>"`;

exports[`R.merge(a_1_c_1, b_2_c_2) 1`] = `"R.Merge<{ a: 1; c: 1; }, { b: 2; c: 2; }>"`;
