// Jest Snapshot v1, https://goo.gl/fbAQLP

exports[`R_over(menual_lens_number_object)(number_to_number)(object) 1`] = `"object"`;

exports[`R_over(menual_lens_number_object, number_to_number) 1`] = `"(target: object) => object"`;

exports[`R_over(menual_lens_number_object, number_to_number, object) 1`] = `"object"`;

exports[`R_over(pseudo_lens_1)(number_to_number)(number_array) 1`] = `"{}"`;

exports[`R_over(pseudo_lens_1)(number_to_number)(string_number_tuple) 1`] = `"{}"`;

exports[`R_over(pseudo_lens_1, number_to_number) 1`] = `"(target: {}) => {}"`;

exports[`R_over(pseudo_lens_1, number_to_number, number_array) 1`] = `"number[]"`;

exports[`R_over(pseudo_lens_1, number_to_number, string_number_tuple) 1`] = `"[string, number]"`;

exports[`R_over(pseudo_lens_a)(number_to_number)(a_1_b_2_c_3) 1`] = `"Record<\\"a\\", any>"`;

exports[`R_over(pseudo_lens_a, number_to_number) 1`] = `"(target: Record<\\"a\\", any>) => Record<\\"a\\", any>"`;

exports[`R_over(pseudo_lens_a, number_to_number, a_1_b_2_c_3) 1`] = `"{ a: 1; b: 2; c: 3; }"`;
