// Jest Snapshot v1, https://goo.gl/fbAQLP

exports[`R.partial(number_string_to_object) 1`] = `"(args: any[]) => R.Variadic<object>"`;

exports[`R.partial(number_string_to_object, [number]) 1`] = `"R.Variadic<object>"`;

exports[`R.partial(number_string_to_object, [number])(string) 1`] = `"object"`;
