// Jest Snapshot v1, https://goo.gl/fbAQLP

exports[`R.partialRight(number_string_to_object) 1`] = `"(args: any[]) => R.Variadic<object>"`;

exports[`R.partialRight(number_string_to_object, [string]) 1`] = `"R.Variadic<object>"`;

exports[`R.partialRight(number_string_to_object, [string])(number) 1`] = `"object"`;
