// Jest Snapshot v1, https://goo.gl/fbAQLP

exports[`R_partial(number_string_to_object) 1`] = `"(args: any[]) => (...args: any[]) => object"`;

exports[`R_partial(number_string_to_object, [number]) 1`] = `"(...args: any[]) => object"`;

exports[`R_partial(number_string_to_object, [number])(string) 1`] = `"object"`;
