// Jest Snapshot v1, https://goo.gl/fbAQLP

exports[`R_pickBy(number_string_object_to_boolean)(a_1_b_2_c_3) 1`] = `"Partial<Dictionary<number>>"`;

exports[`R_pickBy(number_string_object_to_boolean)(string_number_record) 1`] = `"Partial<Dictionary<number>>"`;

exports[`R_pickBy(number_string_object_to_boolean, a_1_b_2_c_3) 1`] = `"Partial<{ a: 1; b: 2; c: 3; }>"`;

exports[`R_pickBy(number_string_object_to_boolean, string_number_record) 1`] = `"Partial<Record<string, number>>"`;

exports[`R_pickBy(string_string_object_to_boolean)(a_1_b_2_c_3) 1`] = `
"Argument of type '{ a: 1; b: 2; c: 3; }' is not assignable to parameter of type 'Dictionary<string>'.
  Property 'a' is incompatible with index signature.
    Type '1' is not assignable to type 'string'."
`;

exports[`R_pickBy(string_string_object_to_boolean)(string_number_record) 1`] = `
"Argument of type 'Record<string, number>' is not assignable to parameter of type 'Dictionary<string>'.
  Index signatures are incompatible.
    Type 'number' is not assignable to type 'string'."
`;

exports[`R_pickBy(string_string_object_to_boolean, a_1_b_2_c_3) 1`] = `"Argument of type '{ a: 1; b: 2; c: 3; }' is not assignable to parameter of type 'Dictionary<string>'."`;

exports[`R_pickBy(string_string_object_to_boolean, string_number_record) 1`] = `"Argument of type 'Record<string, number>' is not assignable to parameter of type 'Dictionary<string>'."`;
