// Jest Snapshot v1, https://goo.gl/fbAQLP

exports[`R.pipeP(
    a_b_c_d_e_f_to_any_promise,
    boolean_to_number_promise,
  ) 1`] = `"(v1: null, v2: undefined, v3: boolean, v4: number, v5: string, v6: object) => PromiseLike<number>"`;

exports[`R.pipeP(
    a_b_c_d_e_f_to_any_promise,
    boolean_to_string_promise,
    string_to_number_promise,
    number_to_string_promise,
    string_to_boolean_promise,
    boolean_to_number_promise,
  ) 1`] = `"(v1: null, v2: undefined, v3: boolean, v4: number, v5: string, v6: object) => PromiseLike<number>"`;

exports[`R.pipeP(
    a_b_c_d_e_f_to_any_promise,
    number_to_string_promise,
    string_to_boolean_promise,
    boolean_to_number_promise,
  ) 1`] = `"(v1: null, v2: undefined, v3: boolean, v4: number, v5: string, v6: object) => PromiseLike<number>"`;

exports[`R.pipeP(
    a_b_c_d_e_f_to_any_promise,
    string_to_boolean_promise,
    boolean_to_number_promise,
  ) 1`] = `"(v1: null, v2: undefined, v3: boolean, v4: number, v5: string, v6: object) => PromiseLike<number>"`;

exports[`R.pipeP(
    a_b_c_d_e_f_to_any_promise,
    string_to_number_promise,
    number_to_string_promise,
    string_to_boolean_promise,
    boolean_to_number_promise,
  ) 1`] = `"(v1: null, v2: undefined, v3: boolean, v4: number, v5: string, v6: object) => PromiseLike<number>"`;

exports[`R.pipeP(
    boolean_to_string_promise,
    string_to_number_promise,
    number_to_string_promise,
    string_to_boolean_promise,
    boolean_to_number_promise,
  ) 1`] = `"(v1: boolean) => PromiseLike<number>"`;

exports[`R.pipeP(
    number_to_boolean_promise,
    boolean_to_string_promise,
    string_to_number_promise,
    number_to_string_promise,
    string_to_boolean_promise,
    boolean_to_number_promise,
  ) 1`] = `"(v1: number) => PromiseLike<number>"`;

exports[`R.pipeP(
    number_to_string_promise,
    string_to_boolean_promise,
    boolean_to_number_promise,
  ) 1`] = `"(v1: number) => PromiseLike<number>"`;

exports[`R.pipeP(
    string_to_boolean_promise,
    boolean_to_number_promise,
  ) 1`] = `"(v1: string) => PromiseLike<number>"`;

exports[`R.pipeP(
    string_to_number_promise,
    number_to_string_promise,
    string_to_boolean_promise,
    boolean_to_number_promise,
  ) 1`] = `"(v1: string) => PromiseLike<number>"`;

exports[`R.pipeP(a_b_c_d_e_f_to_any_promise) 1`] = `"(v1: null, v2: undefined, v3: boolean, v4: number, v5: string, v6: object) => PromiseLike<any>"`;

exports[`R.pipeP(boolean_to_number_promise) 1`] = `"(v1: boolean) => PromiseLike<number>"`;
