// Jest Snapshot v1, https://goo.gl/fbAQLP

exports[`R.pluck('a') 1`] = `"<V, T extends Record<\\"a\\", V>>(list: R.List<T>) => T[\\"a\\"][]"`;

exports[`R.pluck('a')([a_number_record, a_number_record]) 1`] = `"number[]"`;

exports[`R.pluck('a', [a_number_record, a_number_record]) 1`] = `"number[]"`;

exports[`R.pluck('a', x_y_z_with_a_record) 1`] = `"{ x: 1; y: true; z: \\"string\\"; }"`;

exports[`R.pluck(0, [string_array]) 1`] = `"string[]"`;

exports[`R.pluck(R.__, [a_number_record, a_number_record]) 1`] = `"<K extends \\"a\\">(key: K) => Record<\\"a\\", number>[K][]"`;

exports[`R.pluck(R.__, [a_number_record, a_number_record])('a') 1`] = `"number[]"`;
