// Jest Snapshot v1, https://goo.gl/fbAQLP

exports[`R_props(['a', 'b']) 1`] = `"<T extends Record<\\"a\\" | \\"b\\", any>>(object: T) => T[\\"a\\" | \\"b\\"][]"`;

exports[`R_props(['a', 'b'])(a_b_c_number_record) 1`] = `"number[]"`;

exports[`R_props(['a', 'b'], a_b_c_number_record) 1`] = `"number[]"`;

exports[`R_props(placeholder, a_b_c_number_record) 1`] = `"<K extends \\"a\\" | \\"b\\" | \\"c\\">(keys: K[] | ArrayLike<K>) => Record<\\"a\\" | \\"b\\" | \\"c\\", number>[K][]"`;

exports[`R_props(placeholder, a_b_c_number_record)(['a', 'b']) 1`] = `"number[]"`;
