// Jest Snapshot v1, https://goo.gl/fbAQLP

exports[`R.prop('a') 1`] = `"<T extends Record<\\"a\\", any>>(object: T) => T[\\"a\\"]"`;

exports[`R.prop('a')(a_b_number_record) 1`] = `"number"`;

exports[`R.prop('a', a_b_number_record) 1`] = `"number"`;

exports[`R.prop(R.__, a_b_number_record) 1`] = `"<K extends \\"a\\" | \\"b\\">(key: K) => Record<\\"a\\" | \\"b\\", number>[K]"`;

exports[`R.prop(R.__, a_b_number_record)('a') 1`] = `"number"`;
