// Jest Snapshot v1, https://goo.gl/fbAQLP

exports[`R.reduceRight(number_object_to_object)(object)(number_array) 1`] = `"object"`;

exports[`R.reduceRight(number_object_to_object, object) 1`] = `"(values: R.List<number>) => object"`;

exports[`R.reduceRight(number_object_to_object, object, number_array) 1`] = `"object"`;
