// Jest Snapshot v1, https://goo.gl/fbAQLP

exports[`R.scan(object_number_to_object)(object)(number_array) 1`] = `"object[]"`;

exports[`R.scan(object_number_to_object, object) 1`] = `"(values: number[] | ArrayLike<number>) => object[]"`;

exports[`R.scan(object_number_to_object, object, number_array) 1`] = `"object[]"`;
