// Jest Snapshot v1, https://goo.gl/fbAQLP

exports[`R.startsWith(boolean_array) 1`] = `"(list: boolean[]) => boolean"`;

exports[`R.startsWith(boolean_array, boolean_array) 1`] = `"boolean"`;

exports[`R.startsWith(string) 1`] = `"(list: string) => boolean"`;

exports[`R.startsWith(string, string) 1`] = `"boolean"`;
