// Jest Snapshot v1, https://goo.gl/fbAQLP

exports[`R.traverse(
    number_applicative.of,
    number_to_string_applicative,
    number_traverable,
  ) 1`] = `"R.Applicative<R.Traversable<string>>"`;

exports[`R.traverse(number_applicative.of)(number_to_string_applicative)(
    number_traverable,
  ) 1`] = `"R.Applicative<R.Traversable<string>>"`;

exports[`R.traverse(number_applicative.of)(number_to_string_applicative)(number_array) 1`] = `"R.Applicative<string[]>"`;

exports[`R.traverse(number_applicative.of, number_to_string_applicative, number_array) 1`] = `"R.Applicative<string[]>"`;
