// Jest Snapshot v1, https://goo.gl/fbAQLP

exports[`R.useWith(any_args_to_object) 1`] = `"(fns: never[]) => R.CurriedFunction0<object>"`;

exports[`R.useWith(string_number_boolean_to_object) 1`] = `"<T1, T2, T3>(fns: [R.Morphism<T1, string>, R.Morphism<T2, number>, R.Morphism<T3, boolean>]) => R.CurriedFunction3<T1, T2, T3, object>"`;

exports[`R.useWith(string_number_boolean_to_object)([
    number_to_string,
    symbol_to_number,
    number_to_boolean,
  ]) 1`] = `"R.CurriedFunction3<number, symbol, number, object>"`;

exports[`R.useWith(string_number_boolean_to_object, [
    number_to_string,
    symbol_to_number,
    number_to_boolean,
  ]) 1`] = `"R.CurriedFunction3<number, symbol, number, object>"`;

exports[`R.useWith<'1', '2arity'>()(any_args_to_object) 1`] = `"<T1, T2>(fns: [R.Morphism<T1, any>, R.Morphism<T2, any>]) => R.CurriedFunction2<T1, T2, object>"`;

exports[`R.useWith<'1', 'variadic'>()(any_args_to_object) 1`] = `"(fns: Function[]) => R.Variadic<object>"`;
