// Jest Snapshot v1, https://goo.gl/fbAQLP

exports[`R_when(number_to_boolean)(number_to_string)(number) 1`] = `"string | number"`;

exports[`R_when(number_to_boolean, number_to_string) 1`] = `"(value: number) => string | number"`;

exports[`R_when(number_to_boolean, number_to_string, number) 1`] = `"string | number"`;
