// Jest Snapshot v1, https://goo.gl/fbAQLP

exports[`R.whereAny(a_b_c_number_to_boolean) 1`] = `"any"`;

exports[`R.whereAny(a_b_c_number_to_boolean)(a_1_b_2_c_3) 1`] = `"any"`;

exports[`R.whereAny(a_b_c_number_to_boolean)(number_dictionary) 1`] = `"any"`;

exports[`R.whereAny(a_b_c_number_to_boolean, a_1_b_2_c_3) 1`] = `"any"`;

exports[`R.whereAny(a_b_c_number_to_boolean, number_dictionary) 1`] = `"any"`;

exports[`R.whereAny(dictionary_of_number_to_boolean) 1`] = `"any"`;

exports[`R.whereAny(dictionary_of_number_to_boolean)(a_1_b_2_c_3) 1`] = `"any"`;

exports[`R.whereAny(dictionary_of_number_to_boolean)(number_dictionary) 1`] = `"any"`;

exports[`R.whereAny(dictionary_of_number_to_boolean, a_1_b_2_c_3) 1`] = `"any"`;

exports[`R.whereAny(dictionary_of_number_to_boolean, number_dictionary) 1`] = `"any"`;
