// Jest Snapshot v1, https://goo.gl/fbAQLP

exports[`R.zipWith(number_string_to_object)(number_array)(string_array) 1`] = `"object[]"`;

exports[`R.zipWith(number_string_to_object, number_array) 1`] = `"(b: string[] | ArrayLike<string>) => object[]"`;

exports[`R.zipWith(number_string_to_object, number_array, string_array) 1`] = `"object[]"`;
